../Core/Src/main.c:115:6:ADC_Select_CH3	24	static
../Core/Src/main.c:125:6:ADC_Select_CH4	24	static
../Core/Src/main.c:135:6:ADC_Select_CH5	24	static
../Core/Src/main.c:145:6:HAL_UART_RxCpltCallback	64	static
../Core/Src/main.c:260:5:main	24	static
../Core/Src/main.c:441:6:SystemClock_Config	88	static
../Core/Src/main.c:483:13:MX_ADC1_Init	24	static
../Core/Src/main.c:527:13:MX_TIM1_Init	32	static
../Core/Src/main.c:573:13:MX_TIM2_Init	64	static
../Core/Src/main.c:628:13:MX_TIM3_Init	64	static
../Core/Src/main.c:687:13:MX_USART1_UART_Init	8	static
../Core/Src/main.c:718:13:MX_GPIO_Init	40	static
../Core/Src/main.c:782:6:Error_Handler	4	static,ignoring_inline_asm
